--- 
- true
- >
  Site,SANs,Array

  Configured Capacity,Array Reserved Capacity,Array Ava

  ilable Capacity,Array % Reserved,Host Allocated,Host Used,Host Free,Host %

  Used
